// Jest Snapshot v1, https://goo.gl/fbAQLP

exports[`TodoList lists current todo list items if any exist 1`] = `
<ul
  className="MuiList-root makeStyles-root-1 MuiList-padding"
>
  <pre>
    {
 "id": 1,
 "title": "to do a",
 "todoListId": "1",
 "isDone": true
}
    {
 "id": 2,
 "title": "to do b",
 "todoListId": "1",
 "isDone": false
}
    {
 "id": 3,
 "title": "to do c",
 "todoListId": "2",
 "isDone": true
}
  </pre>
</ul>
`;
